
> snapline-desktop@0.1.0 dev
> vite --host 127.0.0.1 --port 1420


  [32m[1mVITE[22m v5.4.21[39m  [2mready in [0m[1m367[22m[2m[0m ms[22m

  [32m➜[39m  [1mLocal[22m:   [36mhttp://127.0.0.1:[1m1420[22m/[39m
[2m17:07:09[22m [36m[1m[vite][22m[39m [32mhmr update [39m[2m/src/App.tsx[22m
[2m17:07:43[22m [36m[1m[vite][22m[39m [32mhmr update [39m[2m/src/App.tsx[22m
[2m17:08:13[22m [36m[1m[vite][22m[39m [32mhmr update [39m[2m/src/styles.css[22m
[2m17:19:39[22m [36m[1m[vite][22m[39m [32mhmr update [39m[2m/src/App.tsx, /src/EditorPane.tsx[22m
[2m17:19:51[22m [36m[1m[vite][22m[39m [32mhmr update [39m[2m/src/App.tsx[22m
[2m17:20:07[22m [36m[1m[vite][22m[39m [32mhmr update [39m[2m/src/App.tsx[22m
[2m17:20:39[22m [36m[1m[vite][22m[39m [32mhmr update [39m[2m/src/App.tsx[22m
[2m17:30:34[22m [36m[1m[vite][22m[39m [32mhmr update [39m[2m/src/EditorPane.tsx, /src/App.tsx[22m
[2m17:30:50[22m [36m[1m[vite][22m[39m [32mhmr update [39m[2m/src/App.tsx[22m
[2m17:31:04[22m [36m[1m[vite][22m[39m [32mhmr update [39m[2m/src/EditorPane.tsx[22m
[2m17:31:32[22m [36m[1m[vite][22m[39m [32mhmr update [39m[2m/src/EditorPane.tsx, /src/App.tsx[22m
[2m17:48:03[22m [36m[1m[vite][22m[39m [32mhmr update [39m[2m/src/App.tsx[22m
[2m17:48:28[22m [36m[1m[vite][22m[39m [32mhmr update [39m[2m/src/styles.css[22m
[2m17:49:10[22m [36m[1m[vite][22m[39m [32mhmr update [39m[2m/src/App.tsx[22m
[2m17:57:47[22m [36m[1m[vite][22m[39m [32mhmr update [39m[2m/src/App.tsx[22m
[2m18:02:48[22m [36m[1m[vite][22m[39m [32mpage reload [39m[2msrc/main.tsx[22m
[2m18:03:04[22m [36m[1m[vite][22m[39m [32mhmr update [39m[2m/src/App.tsx[22m
[2m18:03:12[22m [36m[1m[vite][22m[39m [32mhmr update [39m[2m/src/EditorPane.tsx[22m
[2m18:15:56[22m [36m[1m[vite][22m[39m [32mvite.config.ts changed, restarting server...[39m
[2m18:15:56[22m [36m[1m[vite][22m[39m server restarted.
[2m18:17:12[22m [36m[1m[vite][22m[39m [32mvite.config.ts changed, restarting server...[39m
[2m18:17:12[22m [36m[1m[vite][22m[39m server restarted.
